../Core/Src/main.c:80:5:main	16	static
../Core/Src/main.c:146:6:SystemClock_Config	72	static
../Core/Src/main.c:187:6:MX_I2C1_Init	8	static
../Core/Src/main.c:221:6:MX_I2C2_Init	8	static
../Core/Src/main.c:255:13:MX_IWDG_Init	8	static
../Core/Src/main.c:283:6:MX_USART1_UART_Init	8	static
../Core/Src/main.c:316:6:MX_USART2_UART_Init	8	static
../Core/Src/main.c:347:13:MX_DMA_Init	16	static
../Core/Src/main.c:374:6:MX_GPIO_Init	40	static
../Core/Src/main.c:404:6:Error_Handler	4	static,ignoring_inline_asm
